[2026-08-01 01:19:25] [INFO] [item=SYSTEM] === Bắt đầu đọc thử 10 hồ sơ, không thay đổi dữ liệu ===
[2026-08-01 01:19:30] [INFO] [item=SYSTEM] Bộ lọc tìm thấy 40216 hồ sơ; đọc trang đầu 10 hồ sơ.
[2026-08-01 01:19:30] [INFO] [item=79415.26045067] Mã y tế: 79415.26045067 | Họ tên: NGUYỄN PHÚC HƯNG | Ngày vào viện: 2026-06-13T08:25:00
[2026-08-01 01:19:30] [INFO] [item=79415.25086161] Mã y tế: 79415.25086161 | Họ tên: TRANG DUY QUÂN | Ngày vào viện: 2026-06-13T08:04:00
[2026-08-01 01:19:30] [INFO] [item=79415.21044665] Mã y tế: 79415.21044665 | Họ tên: NGUYỄN NGỌC QUỲNH CHI | Ngày vào viện: 2026-06-13T08:28:00
[2026-08-01 01:19:30] [INFO] [item=79415.24050048] Mã y tế: 79415.24050048 | Họ tên: LÊ ĐÌNH TRỌNG | Ngày vào viện: 2026-06-13T08:02:00
[2026-08-01 01:19:30] [INFO] [item=79415.19096451] Mã y tế: 79415.19096451 | Họ tên: VÕ HỒNG TIẾN | Ngày vào viện: 2026-06-29T14:31:00
[2026-08-01 01:19:30] [INFO] [item=79415.25077882] Mã y tế: 79415.25077882 | Họ tên: PHAN KHẢ HÂN | Ngày vào viện: 2026-06-11T15:35:00
[2026-08-01 01:19:30] [INFO] [item=79415.26043287] Mã y tế: 79415.26043287 | Họ tên: MAI NHẬT TIẾN | Ngày vào viện: 2026-06-13T07:04:00
[2026-08-01 01:19:30] [INFO] [item=79415.26045066] Mã y tế: 79415.26045066 | Họ tên: LÊ NGUYỄN GIA KHANG | Ngày vào viện: 2026-06-13T08:24:00
[2026-08-01 01:19:30] [INFO] [item=79415.25091077] Mã y tế: 79415.25091077 | Họ tên: NGUYỄN THỊ TUYẾT HƯƠNG | Ngày vào viện: 2026-06-23T06:48:00
[2026-08-01 01:19:30] [INFO] [item=79415.26045020] Mã y tế: 79415.26045020 | Họ tên: TRẦN NGUYỄN MINH PHƯƠNG | Ngày vào viện: 2026-06-13T07:52:00
[2026-08-01 01:19:30] [INFO] [item=SYSTEM] === Hoàn tất đọc 10 hồ sơ ===
[2026-08-01 01:20:01] [INFO] [item=SYSTEM] === Bắt đầu đọc thử 10 hồ sơ, không thay đổi dữ liệu ===
[2026-08-01 01:20:09] [INFO] [item=SYSTEM] Bộ lọc tìm thấy 40216 hồ sơ; đọc trang đầu 10 hồ sơ.
[2026-08-01 01:20:09] [INFO] [item=79415.26043287] Mã y tế: 79415.26043287 | Họ tên: MAI NHẬT TIẾN | Ngày vào viện: 2026-06-13T07:04:00
[2026-08-01 01:20:09] [INFO] [item=79415.25086161] Mã y tế: 79415.25086161 | Họ tên: TRANG DUY QUÂN | Ngày vào viện: 2026-06-13T08:04:00
[2026-08-01 01:20:09] [INFO] [item=79415.19096451] Mã y tế: 79415.19096451 | Họ tên: VÕ HỒNG TIẾN | Ngày vào viện: 2026-06-29T14:31:00
[2026-08-01 01:20:09] [INFO] [item=79415.24050048] Mã y tế: 79415.24050048 | Họ tên: LÊ ĐÌNH TRỌNG | Ngày vào viện: 2026-06-13T08:02:00
[2026-08-01 01:20:09] [INFO] [item=79415.25077882] Mã y tế: 79415.25077882 | Họ tên: PHAN KHẢ HÂN | Ngày vào viện: 2026-06-11T15:35:00
[2026-08-01 01:20:09] [INFO] [item=79415.26045066] Mã y tế: 79415.26045066 | Họ tên: LÊ NGUYỄN GIA KHANG | Ngày vào viện: 2026-06-13T08:24:00
[2026-08-01 01:20:09] [INFO] [item=79415.26045020] Mã y tế: 79415.26045020 | Họ tên: TRẦN NGUYỄN MINH PHƯƠNG | Ngày vào viện: 2026-06-13T07:52:00
[2026-08-01 01:20:09] [INFO] [item=79415.25091077] Mã y tế: 79415.25091077 | Họ tên: NGUYỄN THỊ TUYẾT HƯƠNG | Ngày vào viện: 2026-06-23T06:48:00
[2026-08-01 01:20:09] [INFO] [item=79415.26045067] Mã y tế: 79415.26045067 | Họ tên: NGUYỄN PHÚC HƯNG | Ngày vào viện: 2026-06-13T08:25:00
[2026-08-01 01:20:09] [INFO] [item=79415.21044665] Mã y tế: 79415.21044665 | Họ tên: NGUYỄN NGỌC QUỲNH CHI | Ngày vào viện: 2026-06-13T08:28:00
[2026-08-01 01:20:09] [INFO] [item=SYSTEM] === Hoàn tất đọc 10 hồ sơ ===
[2026-08-01 01:20:37] [INFO] [item=SYSTEM] === Bắt đầu đọc thử 10 hồ sơ, không thay đổi dữ liệu ===
[2026-08-01 01:20:41] [INFO] [item=SYSTEM] Bộ lọc tìm thấy 40216 hồ sơ; đọc trang đầu 10 hồ sơ.
[2026-08-01 01:20:41] [INFO] [item=79415.26045066] Mã y tế: 79415.26045066 | Họ tên: LÊ NGUYỄN GIA KHANG | Ngày vào viện: 2026-06-13T08:24:00
[2026-08-01 01:20:41] [INFO] [item=79415.25086161] Mã y tế: 79415.25086161 | Họ tên: TRANG DUY QUÂN | Ngày vào viện: 2026-06-13T08:04:00
[2026-08-01 01:20:41] [INFO] [item=79415.19096451] Mã y tế: 79415.19096451 | Họ tên: VÕ HỒNG TIẾN | Ngày vào viện: 2026-06-29T14:31:00
[2026-08-01 01:20:41] [INFO] [item=79415.26045067] Mã y tế: 79415.26045067 | Họ tên: NGUYỄN PHÚC HƯNG | Ngày vào viện: 2026-06-13T08:25:00
[2026-08-01 01:20:41] [INFO] [item=79415.24050048] Mã y tế: 79415.24050048 | Họ tên: LÊ ĐÌNH TRỌNG | Ngày vào viện: 2026-06-13T08:02:00
[2026-08-01 01:20:41] [INFO] [item=79415.21044665] Mã y tế: 79415.21044665 | Họ tên: NGUYỄN NGỌC QUỲNH CHI | Ngày vào viện: 2026-06-13T08:28:00
[2026-08-01 01:20:41] [INFO] [item=79415.25077882] Mã y tế: 79415.25077882 | Họ tên: PHAN KHẢ HÂN | Ngày vào viện: 2026-06-11T15:35:00
[2026-08-01 01:20:41] [INFO] [item=79415.26045020] Mã y tế: 79415.26045020 | Họ tên: TRẦN NGUYỄN MINH PHƯƠNG | Ngày vào viện: 2026-06-13T07:52:00
[2026-08-01 01:20:41] [INFO] [item=79415.25091077] Mã y tế: 79415.25091077 | Họ tên: NGUYỄN THỊ TUYẾT HƯƠNG | Ngày vào viện: 2026-06-23T06:48:00
[2026-08-01 01:20:41] [INFO] [item=79415.26043287] Mã y tế: 79415.26043287 | Họ tên: MAI NHẬT TIẾN | Ngày vào viện: 2026-06-13T07:04:00
[2026-08-01 01:20:41] [INFO] [item=SYSTEM] === Hoàn tất đọc 10 hồ sơ ===
[2026-08-01 01:23:37] [INFO] [item=SYSTEM] === Bắt đầu đọc thử 10 hồ sơ, không thay đổi dữ liệu ===
[2026-08-01 01:23:45] [INFO] [item=SYSTEM] Bộ lọc tìm thấy 40781 hồ sơ; đọc trang đầu 10 hồ sơ.
[2026-08-01 01:23:45] [INFO] [item=79415.26048030] Mã y tế: 79415.26048030 | Họ tên: CHỀ TÍCH TƯỜNG | Ngày vào viện: 2026-06-22T09:33:00
[2026-08-01 01:23:45] [INFO] [item=79415.26047979] Mã y tế: 79415.26047979 | Họ tên: TRẦN HOÀNG MINH ĐĂNG | Ngày vào viện: 2026-06-22T08:57:00
[2026-08-01 01:23:45] [INFO] [item=79415.26048072] Mã y tế: 79415.26048072 | Họ tên: NGUYỄN HỮU VIỆT ANH | Ngày vào viện: 2026-06-22T09:56:00
[2026-08-01 01:23:45] [INFO] [item=79415.26047864] Mã y tế: 79415.26047864 | Họ tên: NGUYỄN PHÚ GIA | Ngày vào viện: 2026-06-22T08:08:00
[2026-08-01 01:23:45] [INFO] [item=79415.26048052] Mã y tế: 79415.26048052 | Họ tên: LIN TUẤN HOÀNH | Ngày vào viện: 2026-06-22T09:45:00
[2026-08-01 01:23:45] [INFO] [item=79415.26062535] Mã y tế: 79415.26062535 | Họ tên: NGUYỄN HỒNG PHÚC | Ngày vào viện: 2026-07-31T11:04:00
[2026-08-01 01:23:45] [INFO] [item=79415.26048200] Mã y tế: 79415.26048200 | Họ tên: VÕ PHẠM THANH HUYỀN | Ngày vào viện: 2026-06-22T13:49:00
[2026-08-01 01:23:45] [INFO] [item=79415.25039543] Mã y tế: 79415.25039543 | Họ tên: NGUYỄN NGỌC NHƯ QUỲNH | Ngày vào viện: 2026-06-22T10:35:00
[2026-08-01 01:23:45] [INFO] [item=79415.26048005] Mã y tế: 79415.26048005 | Họ tên: TRẦN HOÀNG PHÚ | Ngày vào viện: 2026-06-22T09:13:00
[2026-08-01 01:23:45] [INFO] [item=79415.22054956] Mã y tế: 79415.22054956 | Họ tên: PHẠM CÔNG DANH | Ngày vào viện: 2026-06-22T14:07:00
[2026-08-01 01:23:45] [INFO] [item=SYSTEM] === Hoàn tất đọc 10 hồ sơ ===
[2026-08-01 01:26:12] [INFO] [item=SYSTEM] === Bắt đầu đọc thử 10 hồ sơ, không thay đổi dữ liệu ===
[2026-08-01 01:26:17] [INFO] [item=SYSTEM] Bộ lọc tìm thấy 13074 hồ sơ; đọc trang đầu 10 hồ sơ.
[2026-08-01 01:26:17] [INFO] [item=79415.25040144] Mã y tế: 79415.25040144 | Họ tên: NGUYỄN TRẦN PHÚC NHIÊN | Ngày vào viện: 2025-12-25T13:17:00
[2026-08-01 01:26:17] [INFO] [item=79415.25090813] Mã y tế: 79415.25090813 | Họ tên: MAI CHÍ NHÂN | Ngày vào viện: 2025-12-27T07:57:00
[2026-08-01 01:26:17] [INFO] [item=79415.25090255] Mã y tế: 79415.25090255 | Họ tên: NGUYỄN NGỌC TUỆ NHI | Ngày vào viện: 2025-12-25T10:09:00
[2026-08-01 01:26:17] [INFO] [item=79415.25090448] Mã y tế: 79415.25090448 | Họ tên: NGUYỄN NGỌC MỸ TƯỜNG | Ngày vào viện: 2025-12-26T07:40:00
[2026-08-01 01:26:17] [INFO] [item=79415.21010511] Mã y tế: 79415.21010511 | Họ tên: NGUYỄN BẢO THANH | Ngày vào viện: 2025-12-25T07:13:00
[2026-08-01 01:26:17] [INFO] [item=79415.25090436] Mã y tế: 79415.25090436 | Họ tên: NGUYỄN TRỊNH BẢO NGÂN | Ngày vào viện: 2025-12-26T07:20:00
[2026-08-01 01:26:17] [INFO] [item=79415.25005737] Mã y tế: 79415.25005737 | Họ tên: HỒ KIẾN HÀO | Ngày vào viện: 2025-12-24T08:49:00
[2026-08-01 01:26:17] [INFO] [item=79415.25069840] Mã y tế: 79415.25069840 | Họ tên: DƯƠNG PHẠM PHÚC AN | Ngày vào viện: 2025-12-25T13:52:00
[2026-08-01 01:26:17] [INFO] [item=79415.24015940] Mã y tế: 79415.24015940 | Họ tên: DƯƠNG THỊ NHƯ QUỲNH | Ngày vào viện: 2025-12-24T13:42:00
[2026-08-01 01:26:17] [INFO] [item=79415.25090388] Mã y tế: 79415.25090388 | Họ tên: TRẦN GIA HUY | Ngày vào viện: 2025-12-25T15:53:00
[2026-08-01 01:26:17] [INFO] [item=SYSTEM] === Hoàn tất đọc 10 hồ sơ ===
